\BOOKMARK [1][-]{section.1}{\376\377\000I\000n\000t\000r\000o\000d\000u\000c\000t\000i\000o\000n}{}% 1
\BOOKMARK [1][-]{section.2}{\376\377\000T\000h\000e\000o\000r\000y}{}% 2
\BOOKMARK [2][-]{subsection.2.1}{\376\377\000D\000e\000m\000a\000n\000d}{section.2}% 3
\BOOKMARK [2][-]{subsection.2.2}{\376\377\000F\000i\000r\000m\000s}{section.2}% 4
\BOOKMARK [2][-]{subsection.2.3}{\376\377\000M\000a\000r\000k\000e\000t\000\040\000E\000q\000u\000i\000l\000i\000b\000r\000i\000u\000m}{section.2}% 5
\BOOKMARK [2][-]{subsection.2.4}{\376\377\000T\000a\000r\000i\000f\000f\000s\000\040\000A\000b\000s\000o\000r\000p\000t\000i\000o\000n}{section.2}% 6
\BOOKMARK [2][-]{subsection.2.5}{\376\377\000Q\000u\000a\000l\000i\000t\000y\000\040\000c\000h\000o\000i\000c\000e\000\040\000a\000n\000d\000\040\000q\000u\000a\000s\000i\000-\000M\000e\000t\000z\000l\000e\000r\000\040\000p\000a\000r\000a\000d\000o\000x}{section.2}% 7
\BOOKMARK [1][-]{section.3}{\376\377\000D\000a\000t\000a}{}% 8
\BOOKMARK [1][-]{section.4}{\376\377\000E\000m\000p\000i\000r\000i\000c\000a\000l}{}% 9
\BOOKMARK [2][-]{subsection.4.1}{\376\377\000K\000e\000y\000\040\000V\000a\000r\000i\000a\000b\000l\000e\000s}{section.4}% 10
\BOOKMARK [2][-]{subsection.4.2}{\376\377\000G\000o\000o\000d\000\040\000h\000o\000m\000o\000g\000e\000n\000e\000i\000t\000y}{section.4}% 11
\BOOKMARK [2][-]{subsection.4.3}{\376\377\000T\000a\000r\000i\000f\000f\000\040\000P\000a\000s\000s\000\040\000T\000h\000r\000o\000u\000g\000h}{section.4}% 12
\BOOKMARK [2][-]{subsection.4.4}{\376\377\000Q\000u\000a\000l\000i\000t\000y\000\040\000V\000a\000r\000i\000a\000t\000i\000o\000n\000s\000\040\000a\000n\000d\000\040\000q\000u\000a\000s\000i\000-\000M\000e\000t\000z\000l\000e\000r\000\040\000v\000a\000r\000i\000a\000t\000i\000o\000n}{section.4}% 13
\BOOKMARK [1][-]{appendix.A}{\376\377\000M\000a\000t\000h\000e\000m\000a\000t\000i\000c\000a\000l\000\040\000A\000p\000p\000e\000n\000d\000i\000x}{}% 14
\BOOKMARK [2][-]{subsection.A.1}{\376\377\000C\000o\000n\000s\000u\000m\000e\000r\000\040\000D\000e\000m\000a\000n\000d}{appendix.A}% 15
\BOOKMARK [2][-]{subsection.A.2}{\376\377\000F\000i\000r\000m\000s}{appendix.A}% 16
\BOOKMARK [2][-]{subsection.A.3}{\376\377\000M\000a\000r\000k\000e\000t\000\040\000E\000q\000u\000i\000l\000i\000b\000r\000i\000u\000m}{appendix.A}% 17
\BOOKMARK [2][-]{subsection.A.4}{\376\377\000T\000a\000r\000i\000f\000f\000s\000\040\000A\000b\000s\000o\000r\000p\000t\000i\000o\000n}{appendix.A}% 18
\BOOKMARK [2][-]{subsection.A.5}{\376\377\000A\000g\000g\000r\000e\000g\000a\000t\000i\000o\000n}{appendix.A}% 19
\BOOKMARK [1][-]{appendix.B}{\376\377\000D\000a\000t\000a\000\040\000A\000p\000p\000e\000n\000d\000i\000x}{}% 20
\BOOKMARK [2][-]{subsection.B.1}{\376\377\000D\000a\000t\000a\000\040\000C\000l\000e\000a\000n\000i\000n\000g}{appendix.B}% 21
\BOOKMARK [3][-]{subsubsection.B.1.1}{\376\377\000T\000r\000a\000c\000k\000i\000n\000g\000\040\000t\000h\000e\000\040\000S\000u\000n}{subsection.B.1}% 22
\BOOKMARK [2][-]{subsection.B.2}{\376\377\000T\000a\000b\000l\000e\000s}{appendix.B}% 23
