This is pdfTeX, Version 3.141592653-2.6-1.40.27 (TeX Live 2025/Homebrew) (preloaded format=pdflatex 2025.3.15)  3 APR 2025 23:31
entering extended mode
 restricted \write18 enabled.
 file:line:error style messages enabled.
 %&-line parsing enabled.
**/Users/GARSON/sciencespo/thesis/solar_panel/latex_files/main.tex
(/Users/GARSON/sciencespo/thesis/solar_panel/latex_files/main.tex
LaTeX2e <2024-11-01> patch level 2
L3 programming layer <2025-01-18>
(/opt/homebrew/Cellar/texlive/20250308_1/share/texmf-dist/tex/latex/base/article.cls
Document Class: article 2024/06/29 v1.4n Standard LaTeX document class
(/opt/homebrew/Cellar/texlive/20250308_1/share/texmf-dist/tex/latex/base/size12.clo
File: size12.clo 2024/06/29 v1.4n Standard LaTeX file (size option)
)
\c@part=\count196
\c@section=\count197
\c@subsection=\count198
\c@subsubsection=\count199
\c@paragraph=\count266
\c@subparagraph=\count267
\c@figure=\count268
\c@table=\count269
\abovecaptionskip=\skip49
\belowcaptionskip=\skip50
\bibindent=\dimen141
) (/opt/homebrew/Cellar/texlive/20250308_1/share/texmf-dist/tex/latex/tabularray/tabularray.sty (/opt/homebrew/Cellar/texlive/20250308_1/share/texmf-dist/tex/latex/l3kernel/expl3.sty
Package: expl3 2025-01-18 L3 programming layer (loader) 
 (/opt/homebrew/Cellar/texlive/20250308_1/share/texmf-dist/tex/latex/l3backend/l3backend-pdftex.def
File: l3backend-pdftex.def 2024-05-08 L3 backend support: PDF output (pdfTeX)
\l__color_backend_stack_int=\count270
\l__pdf_internal_box=\box52
))
Package: tabularray 2024-02-16 v2024A Typeset tabulars and arrays with LaTeX3
\l__tblr_a_int=\count271
\l__tblr_c_int=\count272
\l__tblr_r_int=\count273
\l__tblr_d_dim=\dimen142
\l__tblr_h_dim=\dimen143
\l__tblr_o_dim=\dimen144
\l__tblr_p_dim=\dimen145
\l__tblr_q_dim=\dimen146
\l__tblr_r_dim=\dimen147
\l__tblr_s_dim=\dimen148
\l__tblr_t_dim=\dimen149
\l__tblr_v_dim=\dimen150
\l__tblr_w_dim=\dimen151
\l__tblr_a_box=\box53
\l__tblr_b_box=\box54
\l__tblr_c_box=\box55
\l__tblr_d_box=\box56
\g__tblr_table_count_int=\count274
\c@rownum=\count275
\c@colnum=\count276
\c@rowcount=\count277
\c@colcount=\count278
\abovesep=\dimen152
\belowsep=\dimen153
\leftsep=\dimen154
\rightsep=\dimen155
\g_tblr_level_int=\count279
\g__tblr_data_row_key_count_int=\count280
\g__tblr_data_column_key_count_int=\count281
\g__tblr_data_cell_key_count_int=\count282
\g__tblr_array_int=\count283
\l__tblr_key_count_int=\count284
\l__tblr_key_quotient_int=\count285
\l__tblr_key_quotient_two_int=\count286
\l__tblr_key_remainder_int=\count287
\g__tblr_data_str_value_count_int=\count288
\rulewidth=\dimen156
\l__tblr_strut_dp_dim=\dimen157
\l__tblr_strut_ht_dim=\dimen158
\g__tblr_cell_wd_dim=\dimen159
\g__tblr_cell_ht_dim=\dimen160
\g__tblr_cell_head_dim=\dimen161
\g__tblr_cell_foot_dim=\dimen162
\l__column_target_dim=\dimen163
\l__tblr_caption_box=\box57
\l__tblr_caption_left_box=\box58
\l__tblr_row_head_box=\box59
\l__tblr_row_foot_box=\box60
\l__tblr_row_head_foot_dim=\dimen164
\tablewidth=\dimen165
\l__tblr_table_firsthead_box=\box61
\l__tblr_table_middlehead_box=\box62
\l__tblr_table_lasthead_box=\box63
\l__tblr_table_firstfoot_box=\box64
\l__tblr_table_middlefoot_box=\box65
\l__tblr_table_lastfoot_box=\box66
\l__tblr_remain_height_dim=\dimen166
\l__tblr_long_from_int=\count289
\l__tblr_long_to_int=\count290
\l__tblr_curr_i_int=\count291
\l__tblr_prev_i_int=\count292
\l__tblr_table_page_int=\count293
\l__tblr_table_head_box=\box67
\l__tblr_table_foot_box=\box68
\l__tblr_table_head_foot_dim=\dimen167
\l__tblr_table_head_body_foot_dim=\dimen168
\l__tblr_table_box=\box69
\l__tblr_table_hlines_box=\box70
\l__tblr_hline_box=\box71
\l__tblr_row_box=\box72
\l__tblr_col_o_wd_dim=\dimen169
\l__tblr_col_b_wd_dim=\dimen170
\l__tblr_hline_leftskip_dim=\dimen171
\l__tblr_hline_rightskip_dim=\dimen172
\l__tblr_row_ht_dim=\dimen173
\l__tblr_row_dp_dim=\dimen174
\l__tblr_row_abovesep_dim=\dimen175
\l__tblr_row_belowsep_dim=\dimen176
\l__tblr_row_vlines_box=\box73
\l__tblr_vline_box=\box74
\l__tblr_cell_box=\box75
\l__row_upper_dim=\dimen177
\l__row_lower_dim=\dimen178
\l__row_vpace_dim=\dimen179
\l__tblr_vline_aboveskip_dim=\dimen180
\l__tblr_vline_belowskip_dim=\dimen181
\l__tblr_cell_wd_dim=\dimen182
\l__tblr_cell_ht_dim=\dimen183
\l__tblr_diag_box=\box76
) (/opt/homebrew/Cellar/texlive/20250308_1/share/texmf-dist/tex/latex/float/float.sty
Package: float 2001/11/08 v1.3d Float enhancements (AL)
\c@float@type=\count294
\float@exts=\toks17
\float@box=\box77
\@float@everytoks=\toks18
\@floatcapt=\box78
) (/opt/homebrew/Cellar/texlive/20250308_1/share/texmf-dist/tex/latex/graphics/graphicx.sty
Package: graphicx 2021/09/16 v1.2d Enhanced LaTeX Graphics (DPC,SPQR)
 (/opt/homebrew/Cellar/texlive/20250308_1/share/texmf-dist/tex/latex/graphics/keyval.sty
Package: keyval 2022/05/29 v1.15 key=value parser (DPC)
\KV@toks@=\toks19
) (/opt/homebrew/Cellar/texlive/20250308_1/share/texmf-dist/tex/latex/graphics/graphics.sty
Package: graphics 2024/08/06 v1.4g Standard LaTeX Graphics (DPC,SPQR)
 (/opt/homebrew/Cellar/texlive/20250308_1/share/texmf-dist/tex/latex/graphics/trig.sty
Package: trig 2023/12/02 v1.11 sin cos tan (DPC)
) (/opt/homebrew/Cellar/texlive/20250308_1/share/texmf-dist/tex/latex/graphics-cfg/graphics.cfg
File: graphics.cfg 2016/06/04 v1.11 sample graphics configuration
)
Package graphics Info: Driver file: pdftex.def on input line 106.
 (/opt/homebrew/Cellar/texlive/20250308_1/share/texmf-dist/tex/latex/graphics-def/pdftex.def
File: pdftex.def 2024/04/13 v1.2c Graphics/color driver for pdftex
))
\Gin@req@height=\dimen184
\Gin@req@width=\dimen185
) (/opt/homebrew/Cellar/texlive/20250308_1/share/texmf-dist/tex/latex/codehigh/codehigh.sty
Package: codehigh 2025-02-21 v2025C Highlight codes and demos with l3regex and lpeg
 (/opt/homebrew/Cellar/texlive/20250308_1/share/texmf-dist/tex/generic/catchfile/catchfile.sty
Package: catchfile 2019/12/09 v1.8 Catch the contents of a file (HO)
 (/opt/homebrew/Cellar/texlive/20250308_1/share/texmf-dist/tex/generic/infwarerr/infwarerr.sty
Package: infwarerr 2019/12/03 v1.5 Providing info/warning/error messages (HO)
) (/opt/homebrew/Cellar/texlive/20250308_1/share/texmf-dist/tex/generic/ltxcmds/ltxcmds.sty
Package: ltxcmds 2023-12-04 v1.26 LaTeX kernel commands for general use (HO)
) (/opt/homebrew/Cellar/texlive/20250308_1/share/texmf-dist/tex/generic/etexcmds/etexcmds.sty
Package: etexcmds 2019/12/15 v1.7 Avoid name clashes with e-TeX commands (HO)
 (/opt/homebrew/Cellar/texlive/20250308_1/share/texmf-dist/tex/generic/iftex/iftex.sty
Package: iftex 2024/12/12 v1.0g TeX engine tests
))) (/opt/homebrew/Cellar/texlive/20250308_1/share/texmf-dist/tex/latex/xcolor/xcolor.sty
Package: xcolor 2024/09/29 v3.02 LaTeX color extensions (UK)
 (/opt/homebrew/Cellar/texlive/20250308_1/share/texmf-dist/tex/latex/graphics-cfg/color.cfg
File: color.cfg 2016/01/02 v1.6 sample color configuration
)
Package xcolor Info: Driver file: pdftex.def on input line 274.
 (/opt/homebrew/Cellar/texlive/20250308_1/share/texmf-dist/tex/latex/graphics/mathcolor.ltx)
Package xcolor Info: Model `cmy' substituted by `cmy0' on input line 1349.
Package xcolor Info: Model `hsb' substituted by `rgb' on input line 1353.
Package xcolor Info: Model `RGB' extended on input line 1365.
Package xcolor Info: Model `HTML' substituted by `rgb' on input line 1367.
Package xcolor Info: Model `Hsb' substituted by `hsb' on input line 1368.
Package xcolor Info: Model `tHsb' substituted by `hsb' on input line 1369.
Package xcolor Info: Model `HSB' substituted by `hsb' on input line 1370.
Package xcolor Info: Model `Gray' substituted by `gray' on input line 1371.
Package xcolor Info: Model `wave' substituted by `hsb' on input line 1372.
) (/opt/homebrew/Cellar/texlive/20250308_1/share/texmf-dist/tex/latex/ninecolors/ninecolors.sty
Package: ninecolors 2022-02-13 v2022D Select colors with proper color contrast
 (/opt/homebrew/Cellar/texlive/20250308_1/share/texmf-dist/tex/latex/l3packages/xparse/xparse.sty
Package: xparse 2024-08-16 L3 Experimental document command parser
)) (/opt/homebrew/Cellar/texlive/20250308_1/share/texmf-dist/tex/latex/varwidth/varwidth.sty
Package: varwidth 2009/03/30 ver 0.92;  Variable-width minipages
\@vwid@box=\box79
\sift@deathcycles=\count295
\@vwid@loff=\dimen186
\@vwid@roff=\dimen187
)
\l__cdhh_a_int=\count296
\l__cdhh_b_int=\count297
\l__cdhh_main_boxsep_dim=\dimen188
\g__cdhh_code_box=\box80
\g__cdhh_demo_box=\box81
\l__cdhh_latex_rule_count_int=\count298
\l__cdhh_latex/math_rule_count_int=\count299
\l__cdhh_latex/table_rule_count_int=\count300
\l__cdhh_latex/latex2_rule_count_int=\count301
\l__cdhh_latex/latex3_rule_count_int=\count302
\l__cdhh_item_count_int=\count303
) (/opt/homebrew/Cellar/texlive/20250308_1/share/texmf-dist/tex/generic/ulem/ulem.sty
\UL@box=\box82
\UL@hyphenbox=\box83
\UL@skip=\skip51
\UL@hook=\toks20
\UL@height=\dimen189
\UL@pe=\count304
\UL@pixel=\dimen190
\ULC@box=\box84
Package: ulem 2019/11/18
\ULdepth=\dimen191
) (/opt/homebrew/Cellar/texlive/20250308_1/share/texmf-dist/tex/latex/booktabs/booktabs.sty
Package: booktabs 2020/01/12 v1.61803398 Publication quality tables
\heavyrulewidth=\dimen192
\lightrulewidth=\dimen193
\cmidrulewidth=\dimen194
\belowrulesep=\dimen195
\belowbottomsep=\dimen196
\aboverulesep=\dimen197
\abovetopsep=\dimen198
\cmidrulesep=\dimen199
\cmidrulekern=\dimen256
\defaultaddspace=\dimen257
\@cmidla=\count305
\@cmidlb=\count306
\@aboverulesep=\dimen258
\@belowrulesep=\dimen259
\@thisruleclass=\count307
\@lastruleclass=\count308
\@thisrulewidth=\dimen260
) (/opt/homebrew/Cellar/texlive/20250308_1/share/texmf-dist/tex/latex/etoolbox/etoolbox.sty
Package: etoolbox 2025/02/11 v2.5l e-TeX tools for LaTeX (JAW)
\etb@tempcnta=\count309
) (/opt/homebrew/Cellar/texlive/20250308_1/share/texmf-dist/tex/latex/siunitx/siunitx.sty
Package: siunitx 2025-02-27 v3.4.6 A comprehensive (SI) units package
\l__siunitx_number_uncert_offset_int=\count310
\l__siunitx_number_exponent_fixed_int=\count311
\l__siunitx_number_min_decimal_int=\count312
\l__siunitx_number_min_integer_int=\count313
\l__siunitx_number_round_precision_int=\count314
\l__siunitx_number_lower_threshold_int=\count315
\l__siunitx_number_upper_threshold_int=\count316
\l__siunitx_number_group_first_int=\count317
\l__siunitx_number_group_size_int=\count318
\l__siunitx_number_group_minimum_int=\count319
\l__siunitx_angle_tmp_dim=\dimen261
\l__siunitx_angle_marker_box=\box85
\l__siunitx_angle_unit_box=\box86
\l__siunitx_compound_count_int=\count320
 (/opt/homebrew/Cellar/texlive/20250308_1/share/texmf-dist/tex/latex/translations/translations.sty
Package: translations 2022/02/05 v1.12 internationalization of LaTeX2e packages (CN)
 (/opt/homebrew/Cellar/texlive/20250308_1/share/texmf-dist/tex/generic/pdftexcmds/pdftexcmds.sty
Package: pdftexcmds 2020-06-27 v0.33 Utility functions of pdfTeX for LuaTeX (HO)
Package pdftexcmds Info: \pdf@primitive is available.
Package pdftexcmds Info: \pdf@ifprimitive is available.
Package pdftexcmds Info: \pdfdraftmode found.
)) (/opt/homebrew/Cellar/texlive/20250308_1/share/texmf-dist/tex/latex/amsmath/amstext.sty
Package: amstext 2021/08/26 v2.01 AMS text
 (/opt/homebrew/Cellar/texlive/20250308_1/share/texmf-dist/tex/latex/amsmath/amsgen.sty
File: amsgen.sty 1999/11/30 v2.0 generic functions
\@emptytoks=\toks21
\ex@=\dimen262
))
\l__siunitx_table_tmp_box=\box87
\l__siunitx_table_tmp_dim=\dimen263
\l__siunitx_table_column_width_dim=\dimen264
\l__siunitx_table_integer_box=\box88
\l__siunitx_table_decimal_box=\box89
\l__siunitx_table_uncert_box=\box90
\l__siunitx_table_before_box=\box91
\l__siunitx_table_after_box=\box92
\l__siunitx_table_before_dim=\dimen265
\l__siunitx_table_carry_dim=\dimen266
\l__siunitx_unit_tmp_int=\count321
\l__siunitx_unit_position_int=\count322
\l__siunitx_unit_total_int=\count323
 (/opt/homebrew/Cellar/texlive/20250308_1/share/texmf-dist/tex/latex/tools/array.sty
Package: array 2024/10/17 v2.6g Tabular extension package (FMi)
\col@sep=\dimen267
\ar@mcellbox=\box93
\extrarowheight=\dimen268
\NC@list=\toks22
\extratabsurround=\skip52
\backup@length=\skip53
\ar@cellbox=\box94
)) (/opt/homebrew/Cellar/texlive/20250308_1/share/texmf-dist/tex/latex/caption/subcaption.sty
Package: subcaption 2023/07/28 v1.6b Sub-captions (AR)
 (/opt/homebrew/Cellar/texlive/20250308_1/share/texmf-dist/tex/latex/caption/caption.sty
Package: caption 2023/08/05 v3.6o Customizing captions (AR)
 (/opt/homebrew/Cellar/texlive/20250308_1/share/texmf-dist/tex/latex/caption/caption3.sty
Package: caption3 2023/07/31 v2.4d caption3 kernel (AR)
\caption@tempdima=\dimen269
\captionmargin=\dimen270
\caption@leftmargin=\dimen271
\caption@rightmargin=\dimen272
\caption@width=\dimen273
\caption@indent=\dimen274
\caption@parindent=\dimen275
\caption@hangindent=\dimen276
Package caption Info: Standard document class detected.
)
\c@caption@flags=\count324
\c@continuedfloat=\count325
Package caption Info: float package is loaded.
)
Package caption Info: New subtype `subfigure' on input line 238.
\c@subfigure=\count326
Package caption Info: New subtype `subtable' on input line 238.
\c@subtable=\count327
) (/opt/homebrew/Cellar/texlive/20250308_1/share/texmf-dist/tex/latex/base/alltt.sty
Package: alltt 2024/07/07 v2.0g defines alltt environment
) (/opt/homebrew/Cellar/texlive/20250308_1/share/texmf-dist/tex/latex/amsmath/amsmath.sty
Package: amsmath 2024/11/05 v2.17t AMS math features
\@mathmargin=\skip54

For additional information on amsmath, use the `?' option.
(/opt/homebrew/Cellar/texlive/20250308_1/share/texmf-dist/tex/latex/amsmath/amsbsy.sty
Package: amsbsy 1999/11/29 v1.2d Bold Symbols
\pmbraise@=\dimen277
) (/opt/homebrew/Cellar/texlive/20250308_1/share/texmf-dist/tex/latex/amsmath/amsopn.sty
Package: amsopn 2022/04/08 v2.04 operator names
)
\inf@bad=\count328
LaTeX Info: Redefining \frac on input line 233.
\uproot@=\count329
\leftroot@=\count330
LaTeX Info: Redefining \overline on input line 398.
LaTeX Info: Redefining \colon on input line 409.
\classnum@=\count331
\DOTSCASE@=\count332
LaTeX Info: Redefining \ldots on input line 495.
LaTeX Info: Redefining \dots on input line 498.
LaTeX Info: Redefining \cdots on input line 619.
\Mathstrutbox@=\box95
\strutbox@=\box96
LaTeX Info: Redefining \big on input line 721.
LaTeX Info: Redefining \Big on input line 722.
LaTeX Info: Redefining \bigg on input line 723.
LaTeX Info: Redefining \Bigg on input line 724.
\big@size=\dimen278
LaTeX Font Info:    Redeclaring font encoding OML on input line 742.
LaTeX Font Info:    Redeclaring font encoding OMS on input line 743.
\macc@depth=\count333
LaTeX Info: Redefining \bmod on input line 904.
LaTeX Info: Redefining \pmod on input line 909.
LaTeX Info: Redefining \smash on input line 939.
LaTeX Info: Redefining \relbar on input line 969.
LaTeX Info: Redefining \Relbar on input line 970.
\c@MaxMatrixCols=\count334
\dotsspace@=\muskip17
\c@parentequation=\count335
\dspbrk@lvl=\count336
\tag@help=\toks23
\row@=\count337
\column@=\count338
\maxfields@=\count339
\andhelp@=\toks24
\eqnshift@=\dimen279
\alignsep@=\dimen280
\tagshift@=\dimen281
\tagwidth@=\dimen282
\totwidth@=\dimen283
\lineht@=\dimen284
\@envbody=\toks25
\multlinegap=\skip55
\multlinetaggap=\skip56
\mathdisplay@stack=\toks26
LaTeX Info: Redefining \[ on input line 2953.
LaTeX Info: Redefining \] on input line 2954.
) (/opt/homebrew/Cellar/texlive/20250308_1/share/texmf-dist/tex/latex/hyperref/hyperref.sty
Package: hyperref 2024-11-05 v7.01l Hypertext links for LaTeX
 (/opt/homebrew/Cellar/texlive/20250308_1/share/texmf-dist/tex/latex/kvsetkeys/kvsetkeys.sty
Package: kvsetkeys 2022-10-05 v1.19 Key value parser (HO)
) (/opt/homebrew/Cellar/texlive/20250308_1/share/texmf-dist/tex/generic/kvdefinekeys/kvdefinekeys.sty
Package: kvdefinekeys 2019-12-19 v1.6 Define keys (HO)
) (/opt/homebrew/Cellar/texlive/20250308_1/share/texmf-dist/tex/generic/pdfescape/pdfescape.sty
Package: pdfescape 2019/12/09 v1.15 Implements pdfTeX's escape features (HO)
) (/opt/homebrew/Cellar/texlive/20250308_1/share/texmf-dist/tex/latex/hycolor/hycolor.sty
Package: hycolor 2020-01-27 v1.10 Color options for hyperref/bookmark (HO)
) (/opt/homebrew/Cellar/texlive/20250308_1/share/texmf-dist/tex/latex/hyperref/nameref.sty
Package: nameref 2023-11-26 v2.56 Cross-referencing by name of section
 (/opt/homebrew/Cellar/texlive/20250308_1/share/texmf-dist/tex/latex/refcount/refcount.sty
Package: refcount 2019/12/15 v3.6 Data extraction from label references (HO)
) (/opt/homebrew/Cellar/texlive/20250308_1/share/texmf-dist/tex/generic/gettitlestring/gettitlestring.sty
Package: gettitlestring 2019/12/15 v1.6 Cleanup title references (HO)
 (/opt/homebrew/Cellar/texlive/20250308_1/share/texmf-dist/tex/latex/kvoptions/kvoptions.sty
Package: kvoptions 2022-06-15 v3.15 Key value format for package options (HO)
))
\c@section@level=\count340
) (/opt/homebrew/Cellar/texlive/20250308_1/share/texmf-dist/tex/generic/stringenc/stringenc.sty
Package: stringenc 2019/11/29 v1.12 Convert strings between diff. encodings (HO)
)
\@linkdim=\dimen285
\Hy@linkcounter=\count341
\Hy@pagecounter=\count342
 (/opt/homebrew/Cellar/texlive/20250308_1/share/texmf-dist/tex/latex/hyperref/pd1enc.def
File: pd1enc.def 2024-11-05 v7.01l Hyperref: PDFDocEncoding definition (HO)
Now handling font encoding PD1 ...
... no UTF-8 mapping file for font encoding PD1
) (/opt/homebrew/Cellar/texlive/20250308_1/share/texmf-dist/tex/generic/intcalc/intcalc.sty
Package: intcalc 2019/12/15 v1.3 Expandable calculations with integers (HO)
)
\Hy@SavedSpaceFactor=\count343
 (/opt/homebrew/Cellar/texlive/20250308_1/share/texmf-dist/tex/latex/hyperref/puenc.def
File: puenc.def 2024-11-05 v7.01l Hyperref: PDF Unicode definition (HO)
Now handling font encoding PU ...
... no UTF-8 mapping file for font encoding PU
)
Package hyperref Info: Option `colorlinks' set `true' on input line 4040.
Package hyperref Info: Hyper figures OFF on input line 4157.
Package hyperref Info: Link nesting OFF on input line 4162.
Package hyperref Info: Hyper index ON on input line 4165.
Package hyperref Info: Plain pages OFF on input line 4172.
Package hyperref Info: Backreferencing OFF on input line 4177.
Package hyperref Info: Implicit mode ON; LaTeX internals redefined.
Package hyperref Info: Bookmarks ON on input line 4424.
\c@Hy@tempcnt=\count344
 (/opt/homebrew/Cellar/texlive/20250308_1/share/texmf-dist/tex/latex/url/url.sty
\Urlmuskip=\muskip18
Package: url 2013/09/16  ver 3.4  Verb mode for urls, etc.
)
LaTeX Info: Redefining \url on input line 4763.
\XeTeXLinkMargin=\dimen286
 (/opt/homebrew/Cellar/texlive/20250308_1/share/texmf-dist/tex/generic/bitset/bitset.sty
Package: bitset 2019/12/09 v1.3 Handle bit-vector datatype (HO)
 (/opt/homebrew/Cellar/texlive/20250308_1/share/texmf-dist/tex/generic/bigintcalc/bigintcalc.sty
Package: bigintcalc 2019/12/15 v1.5 Expandable calculations on big integers (HO)
))
\Fld@menulength=\count345
\Field@Width=\dimen287
\Fld@charsize=\dimen288
Package hyperref Info: Hyper figures OFF on input line 6042.
Package hyperref Info: Link nesting OFF on input line 6047.
Package hyperref Info: Hyper index ON on input line 6050.
Package hyperref Info: backreferencing OFF on input line 6057.
Package hyperref Info: Link coloring ON on input line 6060.
Package hyperref Info: Link coloring with OCG OFF on input line 6067.
Package hyperref Info: PDF/A mode OFF on input line 6072.
 (/opt/homebrew/Cellar/texlive/20250308_1/share/texmf-dist/tex/latex/base/atbegshi-ltx.sty
Package: atbegshi-ltx 2021/01/10 v1.0c Emulation of the original atbegshi
package with kernel methods
)
\Hy@abspage=\count346
\c@Item=\count347
\c@Hfootnote=\count348
)
Package hyperref Info: Driver: hpdftex.
 (/opt/homebrew/Cellar/texlive/20250308_1/share/texmf-dist/tex/latex/hyperref/hpdftex.def
File: hpdftex.def 2024-11-05 v7.01l Hyperref driver for pdfTeX
 (/opt/homebrew/Cellar/texlive/20250308_1/share/texmf-dist/tex/latex/base/atveryend-ltx.sty
Package: atveryend-ltx 2020/08/19 v1.0a Emulation of the original atveryend package
with kernel methods
)
\Fld@listcount=\count349
\c@bookmark@seq@number=\count350
 (/opt/homebrew/Cellar/texlive/20250308_1/share/texmf-dist/tex/latex/rerunfilecheck/rerunfilecheck.sty
Package: rerunfilecheck 2022-07-10 v1.10 Rerun checks for auxiliary files (HO)
 (/opt/homebrew/Cellar/texlive/20250308_1/share/texmf-dist/tex/generic/uniquecounter/uniquecounter.sty
Package: uniquecounter 2019/12/15 v1.4 Provide unlimited unique counter (HO)
)
Package uniquecounter Info: New unique counter `rerunfilecheck' on input line 285.
)
\Hy@SectionHShift=\skip57
) (/opt/homebrew/Cellar/texlive/20250308_1/share/texmf-dist/tex/latex/natbib/natbib.sty
Package: natbib 2010/09/13 8.31b (PWD, AO)
\bibhang=\skip58
\bibsep=\skip59
LaTeX Info: Redefining \cite on input line 694.
\c@NAT@ctr=\count351
) (/opt/homebrew/Cellar/texlive/20250308_1/share/texmf-dist/tex/latex/tcolorbox/tcolorbox.sty
Package: tcolorbox 2024/10/22 version 6.4.1 text color boxes
 (/opt/homebrew/Cellar/texlive/20250308_1/share/texmf-dist/tex/latex/pgf/frontendlayer/tikz.sty (/opt/homebrew/Cellar/texlive/20250308_1/share/texmf-dist/tex/latex/pgf/basiclayer/pgf.sty (/opt/homebrew/Cellar/texlive/20250308_1/share/texmf-dist/tex/latex/pgf/utilities/pgfrcs.sty (/opt/homebrew/Cellar/texlive/20250308_1/share/texmf-dist/tex/generic/pgf/utilities/pgfutil-common.tex
\pgfutil@everybye=\toks27
\pgfutil@tempdima=\dimen289
\pgfutil@tempdimb=\dimen290
) (/opt/homebrew/Cellar/texlive/20250308_1/share/texmf-dist/tex/generic/pgf/utilities/pgfutil-latex.def
\pgfutil@abb=\box97
) (/opt/homebrew/Cellar/texlive/20250308_1/share/texmf-dist/tex/generic/pgf/utilities/pgfrcs.code.tex (/opt/homebrew/Cellar/texlive/20250308_1/share/texmf-dist/tex/generic/pgf/pgf.revision.tex)
Package: pgfrcs 2023-01-15 v3.1.10 (3.1.10)
))
Package: pgf 2023-01-15 v3.1.10 (3.1.10)
 (/opt/homebrew/Cellar/texlive/20250308_1/share/texmf-dist/tex/latex/pgf/basiclayer/pgfcore.sty (/opt/homebrew/Cellar/texlive/20250308_1/share/texmf-dist/tex/latex/pgf/systemlayer/pgfsys.sty (/opt/homebrew/Cellar/texlive/20250308_1/share/texmf-dist/tex/generic/pgf/systemlayer/pgfsys.code.tex
Package: pgfsys 2023-01-15 v3.1.10 (3.1.10)
 (/opt/homebrew/Cellar/texlive/20250308_1/share/texmf-dist/tex/generic/pgf/utilities/pgfkeys.code.tex
\pgfkeys@pathtoks=\toks28
\pgfkeys@temptoks=\toks29
 (/opt/homebrew/Cellar/texlive/20250308_1/share/texmf-dist/tex/generic/pgf/utilities/pgfkeyslibraryfiltered.code.tex
\pgfkeys@tmptoks=\toks30
))
\pgf@x=\dimen291
\pgf@y=\dimen292
\pgf@xa=\dimen293
\pgf@ya=\dimen294
\pgf@xb=\dimen295
\pgf@yb=\dimen296
\pgf@xc=\dimen297
\pgf@yc=\dimen298
\pgf@xd=\dimen299
\pgf@yd=\dimen300
\w@pgf@writea=\write3
\r@pgf@reada=\read2
\c@pgf@counta=\count352
\c@pgf@countb=\count353
\c@pgf@countc=\count354
\c@pgf@countd=\count355
\t@pgf@toka=\toks31
\t@pgf@tokb=\toks32
\t@pgf@tokc=\toks33
\pgf@sys@id@count=\count356
 (/opt/homebrew/Cellar/texlive/20250308_1/share/texmf-dist/tex/generic/pgf/systemlayer/pgf.cfg
File: pgf.cfg 2023-01-15 v3.1.10 (3.1.10)
)
Driver file for pgf: pgfsys-pdftex.def
 (/opt/homebrew/Cellar/texlive/20250308_1/share/texmf-dist/tex/generic/pgf/systemlayer/pgfsys-pdftex.def
File: pgfsys-pdftex.def 2023-01-15 v3.1.10 (3.1.10)
 (/opt/homebrew/Cellar/texlive/20250308_1/share/texmf-dist/tex/generic/pgf/systemlayer/pgfsys-common-pdf.def
File: pgfsys-common-pdf.def 2023-01-15 v3.1.10 (3.1.10)
))) (/opt/homebrew/Cellar/texlive/20250308_1/share/texmf-dist/tex/generic/pgf/systemlayer/pgfsyssoftpath.code.tex
File: pgfsyssoftpath.code.tex 2023-01-15 v3.1.10 (3.1.10)
\pgfsyssoftpath@smallbuffer@items=\count357
\pgfsyssoftpath@bigbuffer@items=\count358
) (/opt/homebrew/Cellar/texlive/20250308_1/share/texmf-dist/tex/generic/pgf/systemlayer/pgfsysprotocol.code.tex
File: pgfsysprotocol.code.tex 2023-01-15 v3.1.10 (3.1.10)
)) (/opt/homebrew/Cellar/texlive/20250308_1/share/texmf-dist/tex/generic/pgf/basiclayer/pgfcore.code.tex
Package: pgfcore 2023-01-15 v3.1.10 (3.1.10)
 (/opt/homebrew/Cellar/texlive/20250308_1/share/texmf-dist/tex/generic/pgf/math/pgfmath.code.tex (/opt/homebrew/Cellar/texlive/20250308_1/share/texmf-dist/tex/generic/pgf/math/pgfmathutil.code.tex) (/opt/homebrew/Cellar/texlive/20250308_1/share/texmf-dist/tex/generic/pgf/math/pgfmathparser.code.tex
\pgfmath@dimen=\dimen301
\pgfmath@count=\count359
\pgfmath@box=\box98
\pgfmath@toks=\toks34
\pgfmath@stack@operand=\toks35
\pgfmath@stack@operation=\toks36
) (/opt/homebrew/Cellar/texlive/20250308_1/share/texmf-dist/tex/generic/pgf/math/pgfmathfunctions.code.tex) (/opt/homebrew/Cellar/texlive/20250308_1/share/texmf-dist/tex/generic/pgf/math/pgfmathfunctions.basic.code.tex) (/opt/homebrew/Cellar/texlive/20250308_1/share/texmf-dist/tex/generic/pgf/math/pgfmathfunctions.trigonometric.code.tex) (/opt/homebrew/Cellar/texlive/20250308_1/share/texmf-dist/tex/generic/pgf/math/pgfmathfunctions.random.code.tex) (/opt/homebrew/Cellar/texlive/20250308_1/share/texmf-dist/tex/generic/pgf/math/pgfmathfunctions.comparison.code.tex) (/opt/homebrew/Cellar/texlive/20250308_1/share/texmf-dist/tex/generic/pgf/math/pgfmathfunctions.base.code.tex) (/opt/homebrew/Cellar/texlive/20250308_1/share/texmf-dist/tex/generic/pgf/math/pgfmathfunctions.round.code.tex) (/opt/homebrew/Cellar/texlive/20250308_1/share/texmf-dist/tex/generic/pgf/math/pgfmathfunctions.misc.code.tex) (/opt/homebrew/Cellar/texlive/20250308_1/share/texmf-dist/tex/generic/pgf/math/pgfmathfunctions.integerarithmetics.code.tex) (/opt/homebrew/Cellar/texlive/20250308_1/share/texmf-dist/tex/generic/pgf/math/pgfmathcalc.code.tex) (/opt/homebrew/Cellar/texlive/20250308_1/share/texmf-dist/tex/generic/pgf/math/pgfmathfloat.code.tex
\c@pgfmathroundto@lastzeros=\count360
)) (/opt/homebrew/Cellar/texlive/20250308_1/share/texmf-dist/tex/generic/pgf/math/pgfint.code.tex) (/opt/homebrew/Cellar/texlive/20250308_1/share/texmf-dist/tex/generic/pgf/basiclayer/pgfcorepoints.code.tex
File: pgfcorepoints.code.tex 2023-01-15 v3.1.10 (3.1.10)
\pgf@picminx=\dimen302
\pgf@picmaxx=\dimen303
\pgf@picminy=\dimen304
\pgf@picmaxy=\dimen305
\pgf@pathminx=\dimen306
\pgf@pathmaxx=\dimen307
\pgf@pathminy=\dimen308
\pgf@pathmaxy=\dimen309
\pgf@xx=\dimen310
\pgf@xy=\dimen311
\pgf@yx=\dimen312
\pgf@yy=\dimen313
\pgf@zx=\dimen314
\pgf@zy=\dimen315
) (/opt/homebrew/Cellar/texlive/20250308_1/share/texmf-dist/tex/generic/pgf/basiclayer/pgfcorepathconstruct.code.tex
File: pgfcorepathconstruct.code.tex 2023-01-15 v3.1.10 (3.1.10)
\pgf@path@lastx=\dimen316
\pgf@path@lasty=\dimen317
) (/opt/homebrew/Cellar/texlive/20250308_1/share/texmf-dist/tex/generic/pgf/basiclayer/pgfcorepathusage.code.tex
File: pgfcorepathusage.code.tex 2023-01-15 v3.1.10 (3.1.10)
\pgf@shorten@end@additional=\dimen318
\pgf@shorten@start@additional=\dimen319
) (/opt/homebrew/Cellar/texlive/20250308_1/share/texmf-dist/tex/generic/pgf/basiclayer/pgfcorescopes.code.tex
File: pgfcorescopes.code.tex 2023-01-15 v3.1.10 (3.1.10)
\pgfpic=\box99
\pgf@hbox=\box100
\pgf@layerbox@main=\box101
\pgf@picture@serial@count=\count361
) (/opt/homebrew/Cellar/texlive/20250308_1/share/texmf-dist/tex/generic/pgf/basiclayer/pgfcoregraphicstate.code.tex
File: pgfcoregraphicstate.code.tex 2023-01-15 v3.1.10 (3.1.10)
\pgflinewidth=\dimen320
) (/opt/homebrew/Cellar/texlive/20250308_1/share/texmf-dist/tex/generic/pgf/basiclayer/pgfcoretransformations.code.tex
File: pgfcoretransformations.code.tex 2023-01-15 v3.1.10 (3.1.10)
\pgf@pt@x=\dimen321
\pgf@pt@y=\dimen322
\pgf@pt@temp=\dimen323
) (/opt/homebrew/Cellar/texlive/20250308_1/share/texmf-dist/tex/generic/pgf/basiclayer/pgfcorequick.code.tex
File: pgfcorequick.code.tex 2023-01-15 v3.1.10 (3.1.10)
) (/opt/homebrew/Cellar/texlive/20250308_1/share/texmf-dist/tex/generic/pgf/basiclayer/pgfcoreobjects.code.tex
File: pgfcoreobjects.code.tex 2023-01-15 v3.1.10 (3.1.10)
) (/opt/homebrew/Cellar/texlive/20250308_1/share/texmf-dist/tex/generic/pgf/basiclayer/pgfcorepathprocessing.code.tex
File: pgfcorepathprocessing.code.tex 2023-01-15 v3.1.10 (3.1.10)
) (/opt/homebrew/Cellar/texlive/20250308_1/share/texmf-dist/tex/generic/pgf/basiclayer/pgfcorearrows.code.tex
File: pgfcorearrows.code.tex 2023-01-15 v3.1.10 (3.1.10)
\pgfarrowsep=\dimen324
) (/opt/homebrew/Cellar/texlive/20250308_1/share/texmf-dist/tex/generic/pgf/basiclayer/pgfcoreshade.code.tex
File: pgfcoreshade.code.tex 2023-01-15 v3.1.10 (3.1.10)
\pgf@max=\dimen325
\pgf@sys@shading@range@num=\count362
\pgf@shadingcount=\count363
) (/opt/homebrew/Cellar/texlive/20250308_1/share/texmf-dist/tex/generic/pgf/basiclayer/pgfcoreimage.code.tex
File: pgfcoreimage.code.tex 2023-01-15 v3.1.10 (3.1.10)
) (/opt/homebrew/Cellar/texlive/20250308_1/share/texmf-dist/tex/generic/pgf/basiclayer/pgfcoreexternal.code.tex
File: pgfcoreexternal.code.tex 2023-01-15 v3.1.10 (3.1.10)
\pgfexternal@startupbox=\box102
) (/opt/homebrew/Cellar/texlive/20250308_1/share/texmf-dist/tex/generic/pgf/basiclayer/pgfcorelayers.code.tex
File: pgfcorelayers.code.tex 2023-01-15 v3.1.10 (3.1.10)
) (/opt/homebrew/Cellar/texlive/20250308_1/share/texmf-dist/tex/generic/pgf/basiclayer/pgfcoretransparency.code.tex
File: pgfcoretransparency.code.tex 2023-01-15 v3.1.10 (3.1.10)
) (/opt/homebrew/Cellar/texlive/20250308_1/share/texmf-dist/tex/generic/pgf/basiclayer/pgfcorepatterns.code.tex
File: pgfcorepatterns.code.tex 2023-01-15 v3.1.10 (3.1.10)
) (/opt/homebrew/Cellar/texlive/20250308_1/share/texmf-dist/tex/generic/pgf/basiclayer/pgfcorerdf.code.tex
File: pgfcorerdf.code.tex 2023-01-15 v3.1.10 (3.1.10)
))) (/opt/homebrew/Cellar/texlive/20250308_1/share/texmf-dist/tex/generic/pgf/modules/pgfmoduleshapes.code.tex
File: pgfmoduleshapes.code.tex 2023-01-15 v3.1.10 (3.1.10)
\pgfnodeparttextbox=\box103
) (/opt/homebrew/Cellar/texlive/20250308_1/share/texmf-dist/tex/generic/pgf/modules/pgfmoduleplot.code.tex
File: pgfmoduleplot.code.tex 2023-01-15 v3.1.10 (3.1.10)
) (/opt/homebrew/Cellar/texlive/20250308_1/share/texmf-dist/tex/latex/pgf/compatibility/pgfcomp-version-0-65.sty
Package: pgfcomp-version-0-65 2023-01-15 v3.1.10 (3.1.10)
\pgf@nodesepstart=\dimen326
\pgf@nodesepend=\dimen327
) (/opt/homebrew/Cellar/texlive/20250308_1/share/texmf-dist/tex/latex/pgf/compatibility/pgfcomp-version-1-18.sty
Package: pgfcomp-version-1-18 2023-01-15 v3.1.10 (3.1.10)
)) (/opt/homebrew/Cellar/texlive/20250308_1/share/texmf-dist/tex/latex/pgf/utilities/pgffor.sty (/opt/homebrew/Cellar/texlive/20250308_1/share/texmf-dist/tex/latex/pgf/utilities/pgfkeys.sty (/opt/homebrew/Cellar/texlive/20250308_1/share/texmf-dist/tex/generic/pgf/utilities/pgfkeys.code.tex)) (/opt/homebrew/Cellar/texlive/20250308_1/share/texmf-dist/tex/latex/pgf/math/pgfmath.sty (/opt/homebrew/Cellar/texlive/20250308_1/share/texmf-dist/tex/generic/pgf/math/pgfmath.code.tex)) (/opt/homebrew/Cellar/texlive/20250308_1/share/texmf-dist/tex/generic/pgf/utilities/pgffor.code.tex
Package: pgffor 2023-01-15 v3.1.10 (3.1.10)
\pgffor@iter=\dimen328
\pgffor@skip=\dimen329
\pgffor@stack=\toks37
\pgffor@toks=\toks38
)) (/opt/homebrew/Cellar/texlive/20250308_1/share/texmf-dist/tex/generic/pgf/frontendlayer/tikz/tikz.code.tex
Package: tikz 2023-01-15 v3.1.10 (3.1.10)
 (/opt/homebrew/Cellar/texlive/20250308_1/share/texmf-dist/tex/generic/pgf/libraries/pgflibraryplothandlers.code.tex
File: pgflibraryplothandlers.code.tex 2023-01-15 v3.1.10 (3.1.10)
\pgf@plot@mark@count=\count364
\pgfplotmarksize=\dimen330
)
\tikz@lastx=\dimen331
\tikz@lasty=\dimen332
\tikz@lastxsaved=\dimen333
\tikz@lastysaved=\dimen334
\tikz@lastmovetox=\dimen335
\tikz@lastmovetoy=\dimen336
\tikzleveldistance=\dimen337
\tikzsiblingdistance=\dimen338
\tikz@figbox=\box104
\tikz@figbox@bg=\box105
\tikz@tempbox=\box106
\tikz@tempbox@bg=\box107
\tikztreelevel=\count365
\tikznumberofchildren=\count366
\tikznumberofcurrentchild=\count367
\tikz@fig@count=\count368
 (/opt/homebrew/Cellar/texlive/20250308_1/share/texmf-dist/tex/generic/pgf/modules/pgfmodulematrix.code.tex
File: pgfmodulematrix.code.tex 2023-01-15 v3.1.10 (3.1.10)
\pgfmatrixcurrentrow=\count369
\pgfmatrixcurrentcolumn=\count370
\pgf@matrix@numberofcolumns=\count371
)
\tikz@expandcount=\count372
 (/opt/homebrew/Cellar/texlive/20250308_1/share/texmf-dist/tex/generic/pgf/frontendlayer/tikz/libraries/tikzlibrarytopaths.code.tex
File: tikzlibrarytopaths.code.tex 2023-01-15 v3.1.10 (3.1.10)
))) (/opt/homebrew/Cellar/texlive/20250308_1/share/texmf-dist/tex/latex/tools/verbatim.sty
Package: verbatim 2024-01-22 v1.5x LaTeX2e package for verbatim enhancements
\every@verbatim=\toks39
\verbatim@line=\toks40
\verbatim@in@stream=\read3
) (/opt/homebrew/Cellar/texlive/20250308_1/share/texmf-dist/tex/latex/environ/environ.sty
Package: environ 2014/05/04 v0.3 A new way to define environments
 (/opt/homebrew/Cellar/texlive/20250308_1/share/texmf-dist/tex/latex/trimspaces/trimspaces.sty
Package: trimspaces 2009/09/17 v1.1 Trim spaces around a token list
))
\tcb@titlebox=\box108
\tcb@upperbox=\box109
\tcb@lowerbox=\box110
\tcb@phantombox=\box111
\c@tcbbreakpart=\count373
\c@tcblayer=\count374
\c@tcolorbox@number=\count375
\l__tcobox_tmpa_box=\box112
\l__tcobox_tmpa_dim=\dimen339
\tcb@temp=\box113
\tcb@temp=\box114
\tcb@temp=\box115
\tcb@temp=\box116
)
Package translations Info: No language package found. I am going to use `english' as default language. on input line 35.

No file main.aux.
\openout1 = `main.aux'.

LaTeX Font Info:    Checking defaults for OML/cmm/m/it on input line 35.
LaTeX Font Info:    ... okay on input line 35.
LaTeX Font Info:    Checking defaults for OMS/cmsy/m/n on input line 35.
LaTeX Font Info:    ... okay on input line 35.
LaTeX Font Info:    Checking defaults for OT1/cmr/m/n on input line 35.
LaTeX Font Info:    ... okay on input line 35.
LaTeX Font Info:    Checking defaults for T1/cmr/m/n on input line 35.
LaTeX Font Info:    ... okay on input line 35.
LaTeX Font Info:    Checking defaults for TS1/cmr/m/n on input line 35.
LaTeX Font Info:    ... okay on input line 35.
LaTeX Font Info:    Checking defaults for OMX/cmex/m/n on input line 35.
LaTeX Font Info:    ... okay on input line 35.
LaTeX Font Info:    Checking defaults for U/cmr/m/n on input line 35.
LaTeX Font Info:    ... okay on input line 35.
LaTeX Font Info:    Checking defaults for PD1/pdf/m/n on input line 35.
LaTeX Font Info:    ... okay on input line 35.
LaTeX Font Info:    Checking defaults for PU/pdf/m/n on input line 35.
LaTeX Font Info:    ... okay on input line 35.
(/opt/homebrew/Cellar/texlive/20250308_1/share/texmf-dist/tex/context/base/mkii/supp-pdf.mkii
[Loading MPS to PDF converter (version 2006.09.02).]
\scratchcounter=\count376
\scratchdimen=\dimen340
\scratchbox=\box117
\nofMPsegments=\count377
\nofMParguments=\count378
\everyMPshowfont=\toks41
\MPscratchCnt=\count379
\MPscratchDim=\dimen341
\MPnumerator=\count380
\makeMPintoPDFobject=\count381
\everyMPtoPDFconversion=\toks42
) (/opt/homebrew/Cellar/texlive/20250308_1/share/texmf-dist/tex/latex/epstopdf-pkg/epstopdf-base.sty
Package: epstopdf-base 2020-01-24 v2.11 Base part for package epstopdf
Package epstopdf-base Info: Redefining graphics rule for `.eps' on input line 485.
 (/opt/homebrew/Cellar/texlive/20250308_1/share/texmf-dist/tex/latex/latexconfig/epstopdf-sys.cfg
File: epstopdf-sys.cfg 2010/07/13 v1.3 Configuration of (r)epstopdf for TeX Live
)) (/opt/homebrew/Cellar/texlive/20250308_1/share/texmf-dist/tex/latex/translations/translations-basic-dictionary-english.trsl
File: translations-basic-dictionary-english.trsl (english translation file `translations-basic-dictionary')
)
Package translations Info: loading dictionary `translations-basic-dictionary' for `english'. on input line 35.
Package caption Info: Begin \AtBeginDocument code.
Package caption Info: hyperref package is loaded.
Package caption Info: End \AtBeginDocument code.
Package hyperref Info: Link coloring ON on input line 35.
\@outlinefile=\write4
\openout4 = `main.out'.



[1

{/opt/homebrew/Cellar/texlive/20250308_1/share/texmf-dist/fonts/map/pdftex/updmap/pdftex.map}]
\openout2 = `sections/01_introduction.aux'.

 (./sections/01_introduction.tex)

[2


]
\openout2 = `sections/02_theory.aux'.

 (./sections/02_theory.tex

Package natbib Warning: Citation `melitzMarketSizeTrade2008' on page 3 undefined on input line 5.


Package natbib Warning: Citation `antoniadesHeterogeneousFirmsQuality2015' on page 3 undefined on input line 5.


Package natbib Warning: Citation `ludemaTariffPassthroughFirm2016' on page 3 undefined on input line 5.


Package natbib Warning: Citation `ludemaTariffPassthroughFirm2016' on page 3 undefined on input line 9.


Package natbib Warning: Citation `ottavianoAgglomerationTradeRevisited2002' on page 3 undefined on input line 9.


Package natbib Warning: Citation `mrazovaNotDemandingDemand2017' on page 3 undefined on input line 23.


Package natbib Warning: Citation `demidovaTradePoliciesFirm2017' on page 3 undefined on input line 24.


Package natbib Warning: Citation `bagwellTradePolicyMonopolistic2020' on page 3 undefined on input line 24.



[3



]

Package natbib Warning: Citation `antoniadesHeterogeneousFirmsQuality2015' on page 4 undefined on input line 45.


Package natbib Warning: Citation `antoniadesHeterogeneousFirmsQuality2015' on page 4 undefined on input line 57.



[4{/opt/homebrew/Cellar/texlive/20250308_1/share/texmf-dist/fonts/enc/dvips/cm-super/cm-super-ts1.enc}]

Package natbib Warning: Citation `antoniadesHeterogeneousFirmsQuality2015' on page 5 undefined on input line 72.

Runaway argument?
{app:firms) is defined as : \begin {equation} \begin {aligned} z^{fh}\ETC.
./sections/02_theory.tex:93: Paragraph ended before \HyRef@autoref was complete.
<to be read again> 
                   \par 
l.93 
     
I suspect you've forgotten a `}', causing me to apply this
control sequence to too much text. How can we recover?
My plan is to forget the whole thing and hope for the best.


Package natbib Warning: Citation `melitzImpactTradeIntraIndustry2003' on page 5 undefined on input line 94.


Package natbib Warning: Citation `melitzMarketSizeTrade2008' on page 5 undefined on input line 94.



[5]

[6]

Package natbib Warning: Citation `headWelfareTradePareto2014' on page 7 undefined on input line 135.


Package natbib Warning: Citation `amandParetoDistributionsInternational2016' on page 7 undefined on input line 135.


Overfull \hbox (8.28134pt too wide) detected at line 144
[]
 []


./sections/02_theory.tex:161: Package amsmath Error: \begin{aligned} allowed only in math mode.

See the amsmath package documentation for explanation.
Type  H <return>  for immediate help.
 ...                                              
                                                  
l.161     }
           
You're in trouble here.  Try typing  <return>  to proceed.
If that doesn't work, type  X <return>  to quit.

./sections/02_theory.tex:161: Missing $ inserted.
<inserted text> 
                $
l.161     }
           
I've inserted a begin-math/end-math symbol since I think
you left one out. Proceed, with fingers crossed.

./sections/02_theory.tex:161: Missing $ inserted.
<inserted text> 
                $
l.161     }
           
I've inserted something that you may have forgotten.
(See the <inserted text> above.)
With luck, this will get me unwedged. But if you
really didn't forget anything, try typing `2' now; then
my insertion and my current dilemma will both disappear.


Package natbib Warning: Citation `melitzMarketSizeTrade2008' on page 7 undefined on input line 164.


Package natbib Warning: Citation `melitzMarketSizeTrade2008' on page 7 undefined on input line 164.


LaTeX Warning: Reference `eq:price_quality_equation' on page 7 undefined on input line 164.



[7]

LaTeX Warning: Reference `eq:price_quality_equation' on page 8 undefined on input line 166.


LaTeX Warning: Reference `app:market_equilibrium' on page 8 undefined on input line 174.


Package natbib Warning: Citation `melitzMarketSizeTrade2008' on page 8 undefined on input line 184.


Package natbib Warning: Citation `melitzMarketSizeTrade2008' on page 8 undefined on input line 184.


LaTeX Warning: Reference `eq:price_quality_equation' on page 8 undefined on input line 184.


LaTeX Warning: Reference `sec:empiricics' on page 8 undefined on input line 184.



[8]

Package natbib Warning: Citation `ludemaTariffPassthroughFirm2016' on page 9 undefined on input line 190.


Package natbib Warning: Citation `parentiTheoryMonopolisticCompetition2017' on page 9 undefined on input line 200.


Package natbib Warning: Citation `mrazovaNotDemandingDemand2017' on page 9 undefined on input line 200.


LaTeX Warning: Reference `app:tariff' on page 9 undefined on input line 202.


LaTeX Warning: Reference `eq:elasticity_price' on page 9 undefined on input line 209.


Package natbib Warning: Citation `helpmanExportFDIHeterogeneous2004' on page 9 undefined on input line 209.


Package natbib Warning: Citation `ludemaTariffPassthroughFirm2016' on page 9 undefined on input line 211.


Package natbib Warning: Citation `mrazovaNotDemandingDemand2017' on page 9 undefined on input line 215.



[9])

[10]
\openout2 = `sections/03_data.aux'.

 (./sections/03_data.tex)

[11



]
\openout2 = `sections/04_empirics.aux'.

 (./sections/04_empirics.tex

LaTeX Warning: Reference `fig:efficiency_distribution' on page 12 undefined on input line 20.


Package natbib Warning: Citation `nemetWhatFactorsAffect2016' on page 12 undefined on input line 27.


Package natbib Warning: Citation `oshaughnessyNonmonotonicEffectsMarket2019' on page 12 undefined on input line 27.



[12



]

LaTeX Warning: Reference `fig:efficiency_distribution' on page 13 undefined on input line 37.


LaTeX Warning: Reference `eq:price_quality_equation' on page 13 undefined on input line 37.

(./paper/regression/descriptive/table1_quality_1.tex

./paper/regression/descriptive/table1_quality_1.tex:2: LaTeX Error: Not in outer par mode.

See the LaTeX manual or LaTeX Companion for explanation.
Type  H <return>  for immediate help.
 ...                                              
                                                  
l.2 \centering
              
You've lost some text.  Try typing  <return>  to proceed.
If that doesn't work, type  X <return>  to quit.

> Step: init table outer spec.
> Step: parse table options.
> Step: split table.
> Step: init table inner spec.
> Step: parse table inner spec.
> Step: execute table commands.
> Step: calculate cell and line sizes.

Package tabularray Warning: Table width is too small, need 184.51817pt more!

> Step: build the whole table.
)

[13]

LaTeX Warning: Reference `tab:price_quality_1' on page 14 undefined on input line 52.


Package natbib Warning: Citation `Compare2025sBest2024' on page 14 undefined on input line 52.


Package natbib Warning: Citation `pyperDeepPoliticsDark2016' on page 14 undefined on input line 54.


Package natbib Warning: Citation `plessPassThroughTestMarket2019' on page 14 undefined on input line 54.



[14]

LaTeX Warning: Reference `fig:distrib_installer' on page 15 undefined on input line 56.


LaTeX Warning: Reference `fig:distrib_installer' on page 15 undefined on input line 56.

(./paper/regression/descriptive/table1_quality_2.tex

./paper/regression/descriptive/table1_quality_2.tex:2: LaTeX Error: Not in outer par mode.

See the LaTeX manual or LaTeX Companion for explanation.
Type  H <return>  for immediate help.
 ...                                              
                                                  
l.2 \centering
              
You've lost some text.  Try typing  <return>  to proceed.
If that doesn't work, type  X <return>  to quit.

> Step: init table outer spec.
> Step: parse table options.
> Step: split table.
> Step: init table inner spec.
> Step: parse table inner spec.
> Step: execute table commands.
> Step: calculate cell and line sizes.

Package tabularray Warning: Table width is too small, need 214.44563pt more!

> Step: build the whole table.
)

[15]

LaTeX Warning: Reference `tab:price_quality_1' on page 16 undefined on input line 67.


Package natbib Warning: Citation `barboseTrackingSunPricing2019a' on page 16 undefined on input line 67.

(./paper/ad_tariff.tex)

[16])

[17] (./main.bbl) (./sections/math_appendix.tex

LaTeX Warning: Reference `eq:linear_demand' on page 18 undefined on input line 5.


LaTeX Font Warning: Command \large invalid in math mode on input line 16.


LaTeX Font Warning: Command \large invalid in math mode on input line 16.


LaTeX Font Warning: Command \large invalid in math mode on input line 16.


LaTeX Font Warning: Command \large invalid in math mode on input line 16.


LaTeX Warning: Reference `eq:price_quality_equation' on page 18 undefined on input line 21.


LaTeX Warning: Reference `eq:linear_demand' on page 18 undefined on input line 29.



[18




]

LaTeX Warning: Reference `eq:linear_demand' on page 19 undefined on input line 36.



[19]

LaTeX Warning: Reference `eq:free_entry' on page 20 undefined on input line 98.



[20]

[21]
Overfull \hbox (13.28125pt too wide) detected at line 157
[]
 []


./sections/math_appendix.tex:170: Package amsmath Error: \begin{aligned} allowed only in math mode.

See the amsmath package documentation for explanation.
Type  H <return>  for immediate help.
 ...                                              
                                                  
l.170 \end{align*}
                  
You're in trouble here.  Try typing  <return>  to proceed.
If that doesn't work, type  X <return>  to quit.

./sections/math_appendix.tex:170: Missing $ inserted.
<inserted text> 
                $
l.170 \end{align*}
                  
I've inserted a begin-math/end-math symbol since I think
you left one out. Proceed, with fingers crossed.

./sections/math_appendix.tex:170: Missing $ inserted.
<inserted text> 
                $
l.170 \end{align*}
                  
I've inserted something that you may have forgotten.
(See the <inserted text> above.)
With luck, this will get me unwedged. But if you
really didn't forget anything, try typing `2' now; then
my insertion and my current dilemma will both disappear.


./sections/math_appendix.tex:170: Package amsmath Error: \begin{aligned} allowed only in math mode.

See the amsmath package documentation for explanation.
Type  H <return>  for immediate help.
 ...                                              
                                                  
l.170 \end{align*}
                  
You're in trouble here.  Try typing  <return>  to proceed.
If that doesn't work, type  X <return>  to quit.

./sections/math_appendix.tex:170: Missing $ inserted.
<inserted text> 
                $
l.170 \end{align*}
                  
I've inserted a begin-math/end-math symbol since I think
you left one out. Proceed, with fingers crossed.

./sections/math_appendix.tex:170: Missing $ inserted.
<inserted text> 
                $
l.170 \end{align*}
                  
I've inserted something that you may have forgotten.
(See the <inserted text> above.)
With luck, this will get me unwedged. But if you
really didn't forget anything, try typing `2' now; then
my insertion and my current dilemma will both disappear.


LaTeX Warning: Reference `eq:optimal_import_price' on page 22 undefined on input line 175.


LaTeX Warning: Reference `eq:optimal_import_price' on page 22 undefined on input line 177.



[22]

LaTeX Warning: Reference `eq:elasticity_price' on page 23 undefined on input line 203.



[23]
Overfull \hbox (94.05539pt too wide) detected at line 258
[]
 []



[24]

[25]

Package natbib Warning: Citation `antoniadesHeterogeneousFirmsQuality2015' on page 26 undefined on input line 282.

)

[26] (./sections/data_appendix.tex

LaTeX Warning: Reference `app:data_cleaning' on page 27 undefined on input line 3.


LaTeX Warning: Reference `app:tables' on page 27 undefined on input line 3.


Package natbib Warning: Citation `houdeIncidenceUSChinaSolar2023' on page 27 undefined on input line 12.



[27

] (./appendix/tables/top_firms_us_market.tex

./appendix/tables/top_firms_us_market.tex:1: LaTeX Error: Not in outer par mode.

See the LaTeX manual or LaTeX Companion for explanation.
Type  H <return>  for immediate help.
 ...                                              
                                                  
l.1 \begin{table}[!t]
                     
You've lost some text.  Try typing  <return>  to proceed.
If that doesn't work, type  X <return>  to quit.


Overfull \hbox (2.18126pt too wide) in alignment at lines 3--23
[] [] [] 
 []

)

[28] (./appendix/tables/AD_2012_2015_comparison.tex)

Package natbib Warning: Citation `bownGlobalAntidumpingDatabase2016' on page 29 undefined on input line 46.

(./appendix/tables/top5_chinese_overall.tex)

[29]

LaTeX Warning: Reference `fig:sales_distribution' on page 30 undefined on input line 60.


LaTeX Warning: Reference `sec:theory' on page 30 undefined on input line 60.

<appendix/figures/sales_distribution_2011.pdf, id=219, 722.7pt x 578.16pt>
File: appendix/figures/sales_distribution_2011.pdf Graphic file (type pdf)
<use appendix/figures/sales_distribution_2011.pdf>
Package pdftex.def Info: appendix/figures/sales_distribution_2011.pdf  used on input line 67.
(pdftex.def)             Requested size: 179.25113pt x 143.4016pt.
<appendix/figures/sales_distribution_2013.pdf, id=220, 722.7pt x 578.16pt>
File: appendix/figures/sales_distribution_2013.pdf Graphic file (type pdf)
<use appendix/figures/sales_distribution_2013.pdf>
Package pdftex.def Info: appendix/figures/sales_distribution_2013.pdf  used on input line 73.
(pdftex.def)             Requested size: 179.25113pt x 143.4016pt.
<appendix/figures/sales_distribution_2017.pdf, id=221, 722.7pt x 578.16pt>
File: appendix/figures/sales_distribution_2017.pdf Graphic file (type pdf)
<use appendix/figures/sales_distribution_2017.pdf>
Package pdftex.def Info: appendix/figures/sales_distribution_2017.pdf  used on input line 81.
(pdftex.def)             Requested size: 179.25113pt x 143.4016pt.
<appendix/figures/sales_distribution_2019.pdf, id=222, 722.7pt x 578.16pt>
File: appendix/figures/sales_distribution_2019.pdf Graphic file (type pdf)
<use appendix/figures/sales_distribution_2019.pdf>
Package pdftex.def Info: appendix/figures/sales_distribution_2019.pdf  used on input line 87.
(pdftex.def)             Requested size: 179.25113pt x 143.4016pt.
<appendix/figures/efficiency_distrib_2011.pdf, id=223, 722.7pt x 578.16pt>
File: appendix/figures/efficiency_distrib_2011.pdf Graphic file (type pdf)
<use appendix/figures/efficiency_distrib_2011.pdf>
Package pdftex.def Info: appendix/figures/efficiency_distrib_2011.pdf  used on input line 102.
(pdftex.def)             Requested size: 179.25113pt x 143.4016pt.
<appendix/figures/efficiency_distrib_2013.pdf, id=224, 722.7pt x 578.16pt>
File: appendix/figures/efficiency_distrib_2013.pdf Graphic file (type pdf)
<use appendix/figures/efficiency_distrib_2013.pdf>
Package pdftex.def Info: appendix/figures/efficiency_distrib_2013.pdf  used on input line 108.
(pdftex.def)             Requested size: 179.25113pt x 143.4016pt.
<appendix/figures/efficiency_distrib_2017.pdf, id=225, 722.7pt x 578.16pt>
File: appendix/figures/efficiency_distrib_2017.pdf Graphic file (type pdf)
<use appendix/figures/efficiency_distrib_2017.pdf>
Package pdftex.def Info: appendix/figures/efficiency_distrib_2017.pdf  used on input line 116.
(pdftex.def)             Requested size: 179.25113pt x 143.4016pt.
<appendix/figures/efficiency_distrib_2019.pdf, id=226, 722.7pt x 578.16pt>
File: appendix/figures/efficiency_distrib_2019.pdf Graphic file (type pdf)
<use appendix/figures/efficiency_distrib_2019.pdf>
Package pdftex.def Info: appendix/figures/efficiency_distrib_2019.pdf  used on input line 122.
(pdftex.def)             Requested size: 179.25113pt x 143.4016pt.
<appendix/figures/distrib_efficiency_2010_2012.pdf, id=227, 722.7pt x 505.89pt>
File: appendix/figures/distrib_efficiency_2010_2012.pdf Graphic file (type pdf)
<use appendix/figures/distrib_efficiency_2010_2012.pdf>
Package pdftex.def Info: appendix/figures/distrib_efficiency_2010_2012.pdf  used on input line 142.
(pdftex.def)             Requested size: 179.25113pt x 125.4764pt.
<appendix/figures/distrib_efficiency_2013_2016.pdf, id=228, 722.7pt x 505.89pt>
File: appendix/figures/distrib_efficiency_2013_2016.pdf Graphic file (type pdf)
<use appendix/figures/distrib_efficiency_2013_2016.pdf>
Package pdftex.def Info: appendix/figures/distrib_efficiency_2013_2016.pdf  used on input line 149.
(pdftex.def)             Requested size: 179.25113pt x 125.4764pt.
<appendix/figures/distrib_efficiency_2017_2020.pdf, id=229, 722.7pt x 505.89pt>
File: appendix/figures/distrib_efficiency_2017_2020.pdf Graphic file (type pdf)
<use appendix/figures/distrib_efficiency_2017_2020.pdf>
Package pdftex.def Info: appendix/figures/distrib_efficiency_2017_2020.pdf  used on input line 160.
(pdftex.def)             Requested size: 179.25113pt x 125.4764pt.


[30]

[31 <./appendix/figures/sales_distribution_2011.pdf> <./appendix/figures/sales_distribution_2013.pdf> <./appendix/figures/sales_distribution_2017.pdf> <./appendix/figures/sales_distribution_2019.pdf>]

[32 <./appendix/figures/efficiency_distrib_2011.pdf> <./appendix/figures/efficiency_distrib_2013.pdf> <./appendix/figures/efficiency_distrib_2017.pdf> <./appendix/figures/efficiency_distrib_2019.pdf>]

LaTeX Warning: Reference `fig:within_firms_quality' on page 33 undefined on input line 169.


LaTeX Warning: Reference `fig:efficiency_distribution' on page 33 undefined on input line 169.


LaTeX Warning: Reference `fig:efficiency_distribution_subd' on page 33 undefined on input line 169.



[33 <./appendix/figures/distrib_efficiency_2010_2012.pdf> <./appendix/figures/distrib_efficiency_2013_2016.pdf> <./appendix/figures/distrib_efficiency_2017_2020.pdf>]

Package natbib Warning: Citation `grimesHowSolarLeases2014' on page 34 undefined on input line 179.


Package natbib Warning: Citation `pyperDeepPoliticsDark2016' on page 34 undefined on input line 179.


Package natbib Warning: Citation `plessPassThroughTestMarket2019' on page 34 undefined on input line 179.

(./paper/regression/descriptive/table1_quality_tpo.tex

./paper/regression/descriptive/table1_quality_tpo.tex:2: LaTeX Error: Not in outer par mode.

See the LaTeX manual or LaTeX Companion for explanation.
Type  H <return>  for immediate help.
 ...                                              
                                                  
l.2 \centering
              
You've lost some text.  Try typing  <return>  to proceed.
If that doesn't work, type  X <return>  to quit.

> Step: init table outer spec.
> Step: parse table options.
> Step: split table.
> Step: init table inner spec.
> Step: parse table inner spec.
> Step: execute table commands.
> Step: calculate cell and line sizes.

Package tabularray Warning: Table width is too small, need 224.80666pt more!

> Step: build the whole table.
)
<appendix/figures/installers/violin_plot.pdf, id=310, 722.7pt x 578.16pt>
File: appendix/figures/installers/violin_plot.pdf Graphic file (type pdf)
<use appendix/figures/installers/violin_plot.pdf>
Package pdftex.def Info: appendix/figures/installers/violin_plot.pdf  used on input line 190.
(pdftex.def)             Requested size: 398.33858pt x 318.66827pt.
)

Package natbib Warning: There were undefined citations.



[34]

[35 <./appendix/figures/installers/violin_plot.pdf>] (./main.aux (./sections/01_introduction.aux) (./sections/02_theory.aux) (./sections/03_data.aux) (./sections/04_empirics.aux))
 ***********
LaTeX2e <2024-11-01> patch level 2
L3 programming layer <2025-01-18>
 ***********


LaTeX Warning: There were undefined references.


LaTeX Warning: Label(s) may have changed. Rerun to get cross-references right.


Package rerunfilecheck Warning: File `main.out' has changed.
(rerunfilecheck)                Rerun to get outlines right
(rerunfilecheck)                or use package `bookmark'.

Package rerunfilecheck Info: Checksums for `main.out':
(rerunfilecheck)             Before: <no file>
(rerunfilecheck)             After:  A489C9715CE313B5599EA11A47D01730;3066.
 ) 
Here is how much of TeX's memory you used:
 31237 strings out of 473190
 685551 string characters out of 5704335
 1128086 words of memory out of 5000000
 53945 multiletter control sequences out of 15000+600000
 578445 words of font info for 74 fonts, out of 8000000 for 9000
 1141 hyphenation exceptions out of 8191
 98i,18n,118p,1622b,1672s stack positions out of 10000i,1000n,20000p,200000b,200000s
</opt/homebrew/Cellar/texlive/20250308_1/share/texmf-dist/fonts/type1/public/amsfonts/cm/cmbx10.pfb></opt/homebrew/Cellar/texlive/20250308_1/share/texmf-dist/fonts/type1/public/amsfonts/cm/cmbx12.pfb></opt/homebrew/Cellar/texlive/20250308_1/share/texmf-dist/fonts/type1/public/amsfonts/cm/cmex10.pfb></opt/homebrew/Cellar/texlive/20250308_1/share/texmf-dist/fonts/type1/public/amsfonts/cm/cmmi10.pfb></opt/homebrew/Cellar/texlive/20250308_1/share/texmf-dist/fonts/type1/public/amsfonts/cm/cmmi12.pfb></opt/homebrew/Cellar/texlive/20250308_1/share/texmf-dist/fonts/type1/public/amsfonts/cm/cmmi6.pfb></opt/homebrew/Cellar/texlive/20250308_1/share/texmf-dist/fonts/type1/public/amsfonts/cm/cmmi7.pfb></opt/homebrew/Cellar/texlive/20250308_1/share/texmf-dist/fonts/type1/public/amsfonts/cm/cmmi8.pfb></opt/homebrew/Cellar/texlive/20250308_1/share/texmf-dist/fonts/type1/public/amsfonts/cm/cmr10.pfb></opt/homebrew/Cellar/texlive/20250308_1/share/texmf-dist/fonts/type1/public/amsfonts/cm/cmr12.pfb></opt/homebrew/Cellar/texlive/20250308_1/share/texmf-dist/fonts/type1/public/amsfonts/cm/cmr6.pfb></opt/homebrew/Cellar/texlive/20250308_1/share/texmf-dist/fonts/type1/public/amsfonts/cm/cmr7.pfb></opt/homebrew/Cellar/texlive/20250308_1/share/texmf-dist/fonts/type1/public/amsfonts/cm/cmr8.pfb></opt/homebrew/Cellar/texlive/20250308_1/share/texmf-dist/fonts/type1/public/amsfonts/cm/cmsy10.pfb></opt/homebrew/Cellar/texlive/20250308_1/share/texmf-dist/fonts/type1/public/amsfonts/cm/cmsy6.pfb></opt/homebrew/Cellar/texlive/20250308_1/share/texmf-dist/fonts/type1/public/amsfonts/cm/cmsy8.pfb></opt/homebrew/Cellar/texlive/20250308_1/share/texmf-dist/fonts/type1/public/amsfonts/cm/cmti10.pfb></opt/homebrew/Cellar/texlive/20250308_1/share/texmf-dist/fonts/type1/public/amsfonts/cm/cmti12.pfb></opt/homebrew/Cellar/texlive/20250308_1/share/texmf-dist/fonts/type1/public/cm-super/sfrm1200.pfb>
Output written on main.pdf (35 pages, 743824 bytes).
PDF statistics:
 434 PDF objects out of 1000 (max. 8388607)
 331 compressed objects within 4 object streams
 108 named destinations out of 1000 (max. 500000)
 73 words of extra memory for PDF output out of 10000 (max. 10000000)

